[    1190ms] [ERROR] Failed to load resource: the server responded with a status of 404 (Not Found) @ http://localhost:8888/images/corgi-cap-glasses.webp:0
[    1191ms] [ERROR] Failed to load resource: the server responded with a status of 404 (Not Found) @ http://localhost:8888/images/logo.svg:0
[    1192ms] [ERROR] Failed to load resource: the server responded with a status of 404 (Not Found) @ http://localhost:8888/images/resorces_for_reviews/yandex_maps_icon.png:0
[    1637ms] [ERROR] Failed to load resource: the server responded with a status of 404 (Not Found) @ http://localhost:8888/images/resorces_for_reviews/prodoctorov.png:0
[    1638ms] [ERROR] Failed to load resource: the server responded with a status of 404 (Not Found) @ http://localhost:8888/images/resorces_for_reviews/sber.png:0
[    1638ms] [ERROR] Failed to load resource: the server responded with a status of 404 (Not Found) @ http://localhost:8888/images/korgy-lupa.webp:0
[    1675ms] [ERROR] Failed to load resource: the server responded with a status of 404 (Not Found) @ http://localhost:8888/images/fireworks2.webp:0
[    1676ms] [ERROR] Failed to load resource: the server responded with a status of 404 (Not Found) @ http://localhost:8888/images/fireworks.webp:0
[    1676ms] [ERROR] Failed to load resource: the server responded with a status of 404 (Not Found) @ http://localhost:8888/images/logo.svg:0
[    1676ms] [ERROR] Failed to load resource: the server responded with a status of 404 (Not Found) @ http://localhost:8888/images/resorces_for_reviews/prodoctorov.png:0
[    1676ms] [ERROR] Failed to load resource: the server responded with a status of 404 (Not Found) @ http://localhost:8888/images/resorces_for_reviews/yandex_maps_icon.png:0
[    1879ms] [ERROR] Failed to load resource: the server responded with a status of 404 (Not Found) @ http://localhost:8888/images/logo.svg:0
[    1879ms] [ERROR] Failed to load resource: the server responded with a status of 404 (Not Found) @ http://localhost:8888/images/resorces_for_reviews/yandex_maps_icon.png:0
[    1879ms] [ERROR] Failed to load resource: the server responded with a status of 404 (Not Found) @ http://localhost:8888/images/corgi-cap-glasses.webp:0
[    1880ms] [ERROR] Failed to load resource: the server responded with a status of 404 (Not Found) @ http://localhost:8888/images/resorces_for_reviews/prodoctorov.png:0
[    1880ms] [ERROR] Failed to load resource: the server responded with a status of 404 (Not Found) @ http://localhost:8888/images/resorces_for_reviews/sber.png:0
[    1880ms] [ERROR] Failed to load resource: the server responded with a status of 404 (Not Found) @ http://localhost:8888/images/korgy-lupa.webp:0
[    1880ms] [ERROR] Failed to load resource: the server responded with a status of 404 (Not Found) @ http://localhost:8888/images/fireworks2.webp:0
[    1880ms] [ERROR] Failed to load resource: the server responded with a status of 404 (Not Found) @ http://localhost:8888/images/fireworks.webp:0
[    1880ms] [ERROR] Failed to load resource: the server responded with a status of 404 (Not Found) @ http://localhost:8888/storage/GJYQz0HxUUTfTkYyQmXvi0eGppp8Tf-meta0JvQuNGG0LXQvdC30LjRjyDQvdCwINC_0YDQtdC00L7RgdGC0LDQstC70LXQvdC40LUg0LzQtdC0LtGD0YHQu9GD0LMucGRm-1%20.jpg:0
[    1894ms] [ERROR] Failed to load resource: the server responded with a status of 404 (Not Found) @ http://127.0.0.1:5173/fonts/Gilroy/Gilroy-SemiBold.woff:0
[    1894ms] [ERROR] Failed to load resource: the server responded with a status of 404 (Not Found) @ http://127.0.0.1:5173/fonts/Gilroy/Gilroy-Medium.woff:0
[    1894ms] [ERROR] Failed to load resource: the server responded with a status of 404 (Not Found) @ http://127.0.0.1:5173/fonts/Gilroy/Gilroy-Regular.woff:0
[    1894ms] [ERROR] Failed to load resource: the server responded with a status of 404 (Not Found) @ http://127.0.0.1:5173/fonts/Gilroy/Gilroy-Bold.woff:0
[    1943ms] [ERROR] Failed to load resource: the server responded with a status of 404 (Not Found) @ http://localhost:8888/city-detection:0
[    4448ms] [ERROR] Failed to load resource: the server responded with a status of 404 (Not Found) @ http://localhost:8888/icon/favicon-32x32.png:0
[    4656ms] [ERROR] Failed to load resource: the server responded with a status of 404 (Not Found) @ http://localhost:8888/icon/favicon-16x16.png:0
