[    1077ms] [ERROR] Failed to load resource: the server responded with a status of 404 (Not Found) @ http://localhost:8888/images/logo.svg:0
[    1077ms] [ERROR] Failed to load resource: the server responded with a status of 404 (Not Found) @ http://localhost:8888/images/corgi-cap-glasses.webp:0
[    1078ms] [ERROR] Failed to load resource: the server responded with a status of 404 (Not Found) @ http://localhost:8888/images/resorces_for_reviews/yandex_maps_icon.png:0
[    1564ms] [ERROR] Failed to load resource: the server responded with a status of 404 (Not Found) @ http://localhost:8888/images/resorces_for_reviews/prodoctorov.png:0
[    1576ms] [ERROR] Failed to load resource: the server responded with a status of 404 (Not Found) @ http://localhost:8888/images/resorces_for_reviews/sber.png:0
[    1576ms] [ERROR] Failed to load resource: the server responded with a status of 404 (Not Found) @ http://localhost:8888/images/korgy-lupa.webp:0
[    1597ms] [ERROR] Failed to load resource: the server responded with a status of 404 (Not Found) @ http://localhost:8888/images/fireworks2.webp:0
[    1597ms] [ERROR] Failed to load resource: the server responded with a status of 404 (Not Found) @ http://localhost:8888/images/fireworks.webp:0
[    1598ms] [ERROR] Failed to load resource: the server responded with a status of 404 (Not Found) @ http://localhost:8888/images/logo.svg:0
[    1598ms] [ERROR] Failed to load resource: the server responded with a status of 404 (Not Found) @ http://localhost:8888/images/resorces_for_reviews/prodoctorov.png:0
[    1598ms] [ERROR] Failed to load resource: the server responded with a status of 404 (Not Found) @ http://localhost:8888/images/resorces_for_reviews/yandex_maps_icon.png:0
[    1813ms] [ERROR] Failed to load resource: the server responded with a status of 404 (Not Found) @ http://localhost:8888/images/logo.svg:0
[    1813ms] [ERROR] Failed to load resource: the server responded with a status of 404 (Not Found) @ http://localhost:8888/images/corgi-cap-glasses.webp:0
[    1813ms] [ERROR] Failed to load resource: the server responded with a status of 404 (Not Found) @ http://localhost:8888/images/resorces_for_reviews/prodoctorov.png:0
[    1813ms] [ERROR] Failed to load resource: the server responded with a status of 404 (Not Found) @ http://localhost:8888/images/resorces_for_reviews/yandex_maps_icon.png:0
[    1813ms] [ERROR] Failed to load resource: the server responded with a status of 404 (Not Found) @ http://localhost:8888/images/resorces_for_reviews/sber.png:0
[    1813ms] [ERROR] Failed to load resource: the server responded with a status of 404 (Not Found) @ http://localhost:8888/images/korgy-lupa.webp:0
[    1813ms] [ERROR] Failed to load resource: the server responded with a status of 404 (Not Found) @ http://localhost:8888/images/fireworks2.webp:0
[    1813ms] [ERROR] Failed to load resource: the server responded with a status of 404 (Not Found) @ http://localhost:8888/images/fireworks.webp:0
[    1814ms] [ERROR] Failed to load resource: the server responded with a status of 404 (Not Found) @ http://localhost:8888/storage/GJYQz0HxUUTfTkYyQmXvi0eGppp8Tf-meta0JvQuNGG0LXQvdC30LjRjyDQvdCwINC_0YDQtdC00L7RgdGC0LDQstC70LXQvdC40LUg0LzQtdC0LtGD0YHQu9GD0LMucGRm-1%20.jpg:0
[    1827ms] [ERROR] Failed to load resource: the server responded with a status of 404 (Not Found) @ http://127.0.0.1:5173/fonts/Gilroy/Gilroy-SemiBold.woff:0
[    1827ms] [ERROR] Failed to load resource: the server responded with a status of 404 (Not Found) @ http://127.0.0.1:5173/fonts/Gilroy/Gilroy-Medium.woff:0
[    1827ms] [ERROR] Failed to load resource: the server responded with a status of 404 (Not Found) @ http://127.0.0.1:5173/fonts/Gilroy/Gilroy-Regular.woff:0
[    1827ms] [ERROR] Failed to load resource: the server responded with a status of 404 (Not Found) @ http://127.0.0.1:5173/fonts/Gilroy/Gilroy-Bold.woff:0
[    1875ms] [ERROR] Failed to load resource: the server responded with a status of 404 (Not Found) @ http://localhost:8888/city-detection:0
[    1951ms] [ERROR] Failed to load resource: the server responded with a status of 404 (Not Found) @ http://localhost:8888/storage/megamenu/01K6YZGBR61PP8VP7XX95G71AJ.webp:0
[    4100ms] [ERROR] Failed to load resource: the server responded with a status of 404 (Not Found) @ http://localhost:8888/icon/favicon-32x32.png:0
[    4210ms] [ERROR] Failed to load resource: the server responded with a status of 404 (Not Found) @ http://localhost:8888/icon/favicon-16x16.png:0
[   21515ms] [ERROR] Failed to load resource: the server responded with a status of 404 (Not Found) @ http://localhost:8888/images/logo.svg:0
[   21515ms] [ERROR] Failed to load resource: the server responded with a status of 404 (Not Found) @ http://localhost:8888/images/corgi-cap-glasses.webp:0
[   21515ms] [ERROR] Failed to load resource: the server responded with a status of 404 (Not Found) @ http://localhost:8888/images/resorces_for_reviews/yandex_maps_icon.png:0
[   21541ms] [ERROR] Failed to load resource: the server responded with a status of 404 (Not Found) @ http://localhost:8888/images/resorces_for_reviews/prodoctorov.png:0
[   21541ms] [ERROR] Failed to load resource: the server responded with a status of 404 (Not Found) @ http://localhost:8888/images/resorces_for_reviews/sber.png:0
[   21541ms] [ERROR] Failed to load resource: the server responded with a status of 404 (Not Found) @ http://localhost:8888/images/korgy-lupa.webp:0
[   21541ms] [ERROR] Failed to load resource: the server responded with a status of 404 (Not Found) @ http://localhost:8888/images/fireworks2.webp:0
[   21541ms] [ERROR] Failed to load resource: the server responded with a status of 404 (Not Found) @ http://localhost:8888/images/fireworks.webp:0
[   21562ms] [ERROR] Failed to load resource: the server responded with a status of 404 (Not Found) @ http://localhost:8888/images/logo.svg:0
[   21563ms] [ERROR] Failed to load resource: the server responded with a status of 404 (Not Found) @ http://localhost:8888/images/resorces_for_reviews/yandex_maps_icon.png:0
[   21563ms] [ERROR] Failed to load resource: the server responded with a status of 404 (Not Found) @ http://localhost:8888/images/resorces_for_reviews/prodoctorov.png:0
[   21759ms] [ERROR] Failed to load resource: the server responded with a status of 404 (Not Found) @ http://localhost:8888/images/logo.svg:0
[   21759ms] [ERROR] Failed to load resource: the server responded with a status of 404 (Not Found) @ http://localhost:8888/images/corgi-cap-glasses.webp:0
[   21759ms] [ERROR] Failed to load resource: the server responded with a status of 404 (Not Found) @ http://localhost:8888/images/resorces_for_reviews/yandex_maps_icon.png:0
[   21759ms] [ERROR] Failed to load resource: the server responded with a status of 404 (Not Found) @ http://localhost:8888/images/resorces_for_reviews/sber.png:0
[   21760ms] [ERROR] Failed to load resource: the server responded with a status of 404 (Not Found) @ http://localhost:8888/images/resorces_for_reviews/prodoctorov.png:0
[   21760ms] [ERROR] Failed to load resource: the server responded with a status of 404 (Not Found) @ http://localhost:8888/images/korgy-lupa.webp:0
[   21760ms] [ERROR] Failed to load resource: the server responded with a status of 404 (Not Found) @ http://localhost:8888/images/fireworks2.webp:0
[   21760ms] [ERROR] Failed to load resource: the server responded with a status of 404 (Not Found) @ http://localhost:8888/images/fireworks.webp:0
[   21760ms] [ERROR] Failed to load resource: the server responded with a status of 404 (Not Found) @ http://localhost:8888/storage/GJYQz0HxUUTfTkYyQmXvi0eGppp8Tf-meta0JvQuNGG0LXQvdC30LjRjyDQvdCwINC_0YDQtdC00L7RgdGC0LDQstC70LXQvdC40LUg0LzQtdC0LtGD0YHQu9GD0LMucGRm-1%20.jpg:0
[   21766ms] [ERROR] Failed to load resource: the server responded with a status of 404 (Not Found) @ http://127.0.0.1:5173/fonts/Gilroy/Gilroy-Regular.woff:0
[   21766ms] [ERROR] Failed to load resource: the server responded with a status of 404 (Not Found) @ http://127.0.0.1:5173/fonts/Gilroy/Gilroy-SemiBold.woff:0
[   21766ms] [ERROR] Failed to load resource: the server responded with a status of 404 (Not Found) @ http://127.0.0.1:5173/fonts/Gilroy/Gilroy-Medium.woff:0
[   21767ms] [ERROR] Failed to load resource: the server responded with a status of 404 (Not Found) @ http://127.0.0.1:5173/fonts/Gilroy/Gilroy-Bold.woff:0
[   21848ms] [ERROR] Failed to load resource: the server responded with a status of 404 (Not Found) @ http://localhost:8888/city-detection:0
